2026-10-09 11:08:37 [scrapy.middleware] INFO: Enabled downloader middlewares:
['scrapy.downloadermiddlewares.offsite.OffsiteMiddleware',
 'scrapy.downloadermiddlewares.httpauth.HttpAuthMiddleware',
 'scrapy.downloadermiddlewares.downloadtimeout.DownloadTimeoutMiddleware',
 'scrapy.downloadermiddlewares.defaultheaders.DefaultHeadersMiddleware',
 'NodeScrapy.middlewares.RandomUserAgentMiddleware',
 'scrapy.downloadermiddlewares.useragent.UserAgentMiddleware',
 'scrapy.downloadermiddlewares.retry.RetryMiddleware',
 'scrapy.downloadermiddlewares.redirect.MetaRefreshMiddleware',
 'scrapy.downloadermiddlewares.httpcompression.HttpCompressionMiddleware',
 'scrapy.downloadermiddlewares.redirect.RedirectMiddleware',
 'scrapy.downloadermiddlewares.cookies.CookiesMiddleware',
 'scrapy.downloadermiddlewares.httpproxy.HttpProxyMiddleware',
 'scrapy.downloadermiddlewares.stats.DownloaderStats']
2026-10-09 11:08:37 [py.warnings] WARNING: /opt/hostedtoolcache/Python/3.12.15/x64/lib/python3.12/site-packages/scrapy/core/downloader/middleware.py:46: ScrapyDeprecationWarning: RandomUserAgentMiddleware.process_request() requires a spider argument, this is deprecated and the argument will not be passed in future Scrapy versions. If you need to access the spider instance you can save the crawler instance passed to from_crawler() and use its spider attribute.
  self._check_mw_method_spider_arg(mw.process_request)

2026-10-09 11:08:37 [scrapy.middleware] INFO: Enabled spider middlewares:
['scrapy.spidermiddlewares.start.StartSpiderMiddleware',
 'scrapy.spidermiddlewares.httperror.HttpErrorMiddleware',
 'scrapy.spidermiddlewares.referer.RefererMiddleware',
 'scrapy.spidermiddlewares.urllength.UrlLengthMiddleware',
 'scrapy.spidermiddlewares.depth.DepthMiddleware',
 'scrapy.spidermiddlewares.metacopy.MetaCopyDetectionMiddleware']
2026-10-09 11:08:37 [scrapy.middleware] INFO: Enabled item pipelines:
['NodeScrapy.pipelines.Pipeline']
2026-10-09 11:08:37 [py.warnings] WARNING: /opt/hostedtoolcache/Python/3.12.15/x64/lib/python3.12/site-packages/scrapy/pipelines/__init__.py:60: ScrapyDeprecationWarning: Pipeline.open_spider() requires a spider argument, this is deprecated and the argument will not be passed in future Scrapy versions. If you need to access the spider instance you can save the crawler instance passed to from_crawler() and use its spider attribute.
  self._check_mw_method_spider_arg(mw.open_spider)

2026-10-09 11:08:37 [py.warnings] WARNING: /opt/hostedtoolcache/Python/3.12.15/x64/lib/python3.12/site-packages/scrapy/pipelines/__init__.py:63: ScrapyDeprecationWarning: Pipeline.close_spider() requires a spider argument, this is deprecated and the argument will not be passed in future Scrapy versions. If you need to access the spider instance you can save the crawler instance passed to from_crawler() and use its spider attribute.
  self._check_mw_method_spider_arg(mw.close_spider)

2026-10-09 11:08:37 [py.warnings] WARNING: /opt/hostedtoolcache/Python/3.12.15/x64/lib/python3.12/site-packages/scrapy/pipelines/__init__.py:66: ScrapyDeprecationWarning: Pipeline.process_item() requires a spider argument, this is deprecated and the argument will not be passed in future Scrapy versions. If you need to access the spider instance you can save the crawler instance passed to from_crawler() and use its spider attribute.
  self._check_mw_method_spider_arg(mw.process_item)

2026-10-09 11:08:37 [scrapy.core.engine] INFO: Spider opened
2026-10-09 11:08:37 [scrapy.extensions.logstats] INFO: Crawled 0 pages (at 0 pages/min), scraped 0 items (at 0 items/min)
2026-10-09 11:08:37 [scrapy.extensions.telnet] INFO: Telnet console listening on 127.0.0.1:6023
2026-10-09 11:08:37 [scrapy.extensions.remote_control] INFO: Remote control HTTP server listening on port 39713 (job 2391-3744fa5e0f7744d4b9127c3570636c66)
2026-10-09 11:08:37 [scrapy.core.engine] INFO: Closing spider (finished)
2026-10-09 11:08:37 [scrapy.statscollectors] INFO: Dumping Scrapy stats:
{'elapsed_time_seconds': 0.003256045999989965,
 'finish_reason': 'finished',
 'finish_time': datetime.datetime(2026, 10, 9, 11, 8, 37, 491126, tzinfo=datetime.timezone.utc),
 'items_per_minute': None,
 'log_count/INFO': 4,
 'memusage/max': 194506752,
 'memusage/startup': 194506752,
 'responses_per_minute': None,
 'start_time': datetime.datetime(2026, 10, 9, 11, 8, 37, 487868, tzinfo=datetime.timezone.utc)}
2026-10-09 11:08:37 [scrapy.core.engine] INFO: Spider closed (finished)
2026-10-09 11:08:59 [scrapy.addons] INFO: Enabled addons:
[]
2026-10-09 11:08:59 [scrapy.extensions.telnet] INFO: Telnet Password: b5ea654c4f88c27b
2026-10-09 11:08:59 [scrapy.middleware] INFO: Enabled extensions:
['scrapy.extensions.corestats.CoreStats',
 'scrapy.extensions.logcount.LogCount',
 'scrapy.extensions.telnet.TelnetConsole',
 'scrapy.extensions.memusage.MemoryUsage',
 'scrapy.extensions.logstats.LogStats',
 'scrapy.extensions.remote_control.RemoteControl']
2026-10-09 11:08:59 [scrapy.crawler] INFO: Overridden settings:
{'BOT_NAME': 'NodeScrapy',
 'FEED_EXPORT_ENCODING': 'utf-8',
 'LOG_FILE': 'scrapy.log',
 'LOG_LEVEL': 'INFO',
 'NEWSPIDER_MODULE': 'NodeScrapy.spiders',
 'SPIDER_MODULES': ['NodeScrapy.spiders']}
2026-10-09 11:08:59 [scrapy.middleware] INFO: Enabled downloader middlewares:
['scrapy.downloadermiddlewares.offsite.OffsiteMiddleware',
 'scrapy.downloadermiddlewares.httpauth.HttpAuthMiddleware',
 'scrapy.downloadermiddlewares.downloadtimeout.DownloadTimeoutMiddleware',
 'scrapy.downloadermiddlewares.defaultheaders.DefaultHeadersMiddleware',
 'NodeScrapy.middlewares.RandomUserAgentMiddleware',
 'scrapy.downloadermiddlewares.useragent.UserAgentMiddleware',
 'scrapy.downloadermiddlewares.retry.RetryMiddleware',
 'scrapy.downloadermiddlewares.redirect.MetaRefreshMiddleware',
 'scrapy.downloadermiddlewares.httpcompression.HttpCompressionMiddleware',
 'scrapy.downloadermiddlewares.redirect.RedirectMiddleware',
 'scrapy.downloadermiddlewares.cookies.CookiesMiddleware',
 'scrapy.downloadermiddlewares.httpproxy.HttpProxyMiddleware',
 'scrapy.downloadermiddlewares.stats.DownloaderStats']
2026-10-09 11:08:59 [py.warnings] WARNING: /opt/hostedtoolcache/Python/3.12.15/x64/lib/python3.12/site-packages/scrapy/core/downloader/middleware.py:46: ScrapyDeprecationWarning: RandomUserAgentMiddleware.process_request() requires a spider argument, this is deprecated and the argument will not be passed in future Scrapy versions. If you need to access the spider instance you can save the crawler instance passed to from_crawler() and use its spider attribute.
  self._check_mw_method_spider_arg(mw.process_request)

2026-10-09 11:08:59 [scrapy.middleware] INFO: Enabled spider middlewares:
['scrapy.spidermiddlewares.start.StartSpiderMiddleware',
 'scrapy.spidermiddlewares.httperror.HttpErrorMiddleware',
 'scrapy.spidermiddlewares.referer.RefererMiddleware',
 'scrapy.spidermiddlewares.urllength.UrlLengthMiddleware',
 'scrapy.spidermiddlewares.depth.DepthMiddleware',
 'scrapy.spidermiddlewares.metacopy.MetaCopyDetectionMiddleware']
2026-10-09 11:08:59 [scrapy.middleware] INFO: Enabled item pipelines:
['NodeScrapy.pipelines.Pipeline']
2026-10-09 11:08:59 [py.warnings] WARNING: /opt/hostedtoolcache/Python/3.12.15/x64/lib/python3.12/site-packages/scrapy/pipelines/__init__.py:60: ScrapyDeprecationWarning: Pipeline.open_spider() requires a spider argument, this is deprecated and the argument will not be passed in future Scrapy versions. If you need to access the spider instance you can save the crawler instance passed to from_crawler() and use its spider attribute.
  self._check_mw_method_spider_arg(mw.open_spider)

2026-10-09 11:08:59 [py.warnings] WARNING: /opt/hostedtoolcache/Python/3.12.15/x64/lib/python3.12/site-packages/scrapy/pipelines/__init__.py:63: ScrapyDeprecationWarning: Pipeline.close_spider() requires a spider argument, this is deprecated and the argument will not be passed in future Scrapy versions. If you need to access the spider instance you can save the crawler instance passed to from_crawler() and use its spider attribute.
  self._check_mw_method_spider_arg(mw.close_spider)

2026-10-09 11:08:59 [py.warnings] WARNING: /opt/hostedtoolcache/Python/3.12.15/x64/lib/python3.12/site-packages/scrapy/pipelines/__init__.py:66: ScrapyDeprecationWarning: Pipeline.process_item() requires a spider argument, this is deprecated and the argument will not be passed in future Scrapy versions. If you need to access the spider instance you can save the crawler instance passed to from_crawler() and use its spider attribute.
  self._check_mw_method_spider_arg(mw.process_item)

2026-10-09 11:08:59 [scrapy.core.engine] INFO: Spider opened
2026-10-09 11:08:59 [scrapy.extensions.logstats] INFO: Crawled 0 pages (at 0 pages/min), scraped 0 items (at 0 items/min)
2026-10-09 11:08:59 [scrapy.extensions.telnet] INFO: Telnet console listening on 127.0.0.1:6023
2026-10-09 11:08:59 [scrapy.extensions.remote_control] INFO: Remote control HTTP server listening on port 35241 (job 2403-31bf111d2c3840099ca9e6ae0d0b743a)
2026-10-09 11:08:59 [scrapy.core.engine] INFO: Closing spider (finished)
2026-10-09 11:08:59 [scrapy.statscollectors] INFO: Dumping Scrapy stats:
{'elapsed_time_seconds': 0.10020499199998767,
 'finish_reason': 'finished',
 'finish_time': datetime.datetime(2026, 10, 9, 11, 8, 59, 783432, tzinfo=datetime.timezone.utc),
 'items_per_minute': None,
 'log_count/INFO': 4,
 'memusage/max': 196526080,
 'memusage/startup': 196526080,
 'responses_per_minute': None,
 'start_time': datetime.datetime(2026, 10, 9, 11, 8, 59, 683228, tzinfo=datetime.timezone.utc)}
2026-10-09 11:08:59 [scrapy.core.engine] INFO: Spider closed (finished)
